200001041348100236 3839121 1538  385  0 52 40  3  1220685  60 42 4  16261STN  14    0  16  60 80   0 623  0 11GAB WW D 80X   0  0L  0  0  51093519D261 623Z306  201 
$1                                                                                0261   0   0
BLR  NC VVHZ  PU2200001041348 1142  13 38    0   0   0      0 0  0  22   0  3312900  0   25333163  0  42   0WD 
$   6 4.26 1.80 4.28 1.89 0.10 PSN0   25 PHP0   59 11 157 13 150 15 139 19  85 23  51 25  33
BJO  NC VVHZ  PU0200001041348 1150  11190    0   0   0      0 0  0 -10   0  6110400  0   55239295  0 274   0WD 
$   6 5.21 1.80 6.49 2.77 0.09 PSN0   55 PHP3 1570 19 614 23 522 31 335 39 124 47  72 55  43163100 387 
BEH  NC VVHZ  PU0200001041348 1256  11190    0   0   0      0 0  0  48   0  7810001  0   43 69262  0 475   0WD 
$   4 4.99 1.80 7.01 3.17 0.16 PSN1   43 PHP3 1652 151043 19 880 23 490 31 190 39 134 43  46176100 363 
BVL  NC VVHZ  PD0200001041348 1217  -2190    0   0   0      0 0  0  16   0  93 9500  0   63140251  0 153   0WD 
$   5 5.09 1.80 7.32 3.14 0.09 PSN0   63 PHP3 1520 23 880 31 439 39 179 47 119 55 107 63  46139100 549 
BHR  NC VVHZ  PD0200001041348 1276  -4190    0   0   0      0 0  0  45   0  98 9400  0   55355276  0 290   0WD 
$   6 5.37 1.80 6.24 2.61 0.14 PSN0   55 PHP0  854 19 789 23 680 31 483 39 118 47  65 55  49157100 419 
BEM  NC VVHZ  PU0200001041348 1351  -8190    0   0   0      0 0  0  35   0 145 8000  0   39 80247  0 198   0WD 
$   6 4.71 1.80 5.90 2.72 0.09 PSN0   39 PHP2 1227 13 736 15 438 19 255 23 244 31  85 39  37168100 374 
BJC  NC VVHZ  PU0200001041348 1286   0190    0   0   0      0 0  0 -28   0 160 7900  0   47231261  0 127   0WD 
$   5 4.91 1.80 6.41 2.82 0.02 PSN0   47 PHP3 1602 15 841 19 631 23 355 31 170 39  83 47  47177100 370 
BSL  NC VVHZ  PU1200001041348 1419 -14 95    0   0   0      0 0  0  56   0 173 7400  0   45332265  0  32   0WD 
$   5 5.03 1.80 6.67 2.97 0.07 PSN0   45 PHP0  379 151067 19 736 23 431 31 222 39  90 45  47152 50 454 
BPI  NC VVHZ  PD0200001041348 1340   1190    0   0   0      0 0  0 -13   0 184 8000  0   49154268  0 142   0WD 
$   6 4.92 1.80 6.41 2.83 0.04 PSN0   49 PHP2 1185 19 553 23 357 31 172 39  72 47  50 49  42173100 364 
BVY  NC VVHZ  PU0200001041348 1342 -14190    0   0   0      0 0  0   1   0 185 8000  0   51310262  0  99   0WD 
$   6 5.11 1.80 6.19 2.60 0.11 PSN0   51 PHP3 1624 19 535 23 437 31 267 39 123 47  68 51  40203100 372 
HJS  NC VVHZ  PD0200001041348 1453  -9190    0   0   0      0 0  0  36   0 200 6900  0   43350267  0 164   0WD 
$   6 4.64 1.80 5.10 2.10 0.09 PSN0   43 PHP0  667 15 577 19 256 23 153 31  87 39  77 43  46178100 378 
BAV  NC VVHZ  PU1200001041348 1440 -19 95    0   0   0      0 0  0  29   0 202 6900  0   25 87229  0  56   0WD 
$   6 4.19 1.80 4.51 2.02 0.04 PSN0   25 PHP0  162 11 258 13 168 15 135 19  78 23  73 25  48128 50 651 
BBG  NC VVHZ  PU0200001041348 1489  -7190    0   0   0      0 0  0  60   0 206 6800  0   45109255  0 237   0WD 
$   6 4.95 1.80 5.47 2.28 0.09 PSN0   45 PHP0  432 15 614 19 336 23 317 31 117 39  89 45  40154100 439 
BSR  NC VVHZ  PU0200001041348 1415  -7190    0   0   0      0 0  0 -20   0 238 7900  0   27278225  0  98   0WD 
$   6 4.19 1.80 4.00 1.58 0.07 PSN0   27 PHP0  337 11 227 13 209 15 117 19 112 23  71 27  48145100 510 
HFP  NC VVHZ  PU0200001041348 1419 -13190    0   0   0      0 0  0 -22   0 245 7900  0   41302264  0  96   0WD 
$   6 4.64 1.80 5.64 2.47 0.06 PSN0   41 PHP0  185 15 540 19 333 23 154 31 114 39  51 41  45134100 594 
BSG  NC VVHZ  PD0200001041348 1434   2190    0   0   0      0 0  0 -31   0 251 7900  0   35179286  0 142   0WD 
$   6 4.70 1.80 5.82 2.67 0.08 PSN0   35 PHP1  965 13 455 15 480 19 299 23 177 31  69 35  48225100 449 
BSG  NC ZVLZ  PD2200001041348 1436   4 38    0   0   0      0 0  0 -31   0 251 7900  0    9179245  0   5   0WZ 
$   3 3.22 1.80 2.79 1.24 0.04 PSN0    9 PHP0   51  1  88  3  71  5  83  7  50  9  40  0   0249 25 612 
HLT  NC VVHZ  PD1200001041348 1572 -13 95    0   0   0      0 0  0  28   0 276 6500  0   37351268  0  50   0WD 
$   6 4.49 1.80 4.67 1.93 0.08 PSN0   37 PHP0  126 13 319 15 251 19 180 23 110 31  65 37  25143 50 527 
BRV  NC VVHZ  PD1200001041348 1620  -3 95    0   0   0      0 0  0  47   0 320 7900  0   33138256  0  36   0WD 
$   6 4.53 1.80 4.35 1.67 0.08 PSN0   33 PHP0  210 13 230 15 242 19 169 23 123 31  72 33  45169 50 379 
BSM  NC VVHZ  PD0200001041348 1587   3190    0   0   0      0 0  0   1   0 324 7900  0   31209269  0 138   0WD 
$   6 4.62 1.80 4.75 1.94 0.10 PSN0   31 PHP0  454 11 355 13 387 15 315 19 193 23 128 31  47191100 360 
HJG  NC VVHZ  PU0200001041348 1568 -11190    0   0   0      0 0  0 -21   0 334 7900  0   33302272  0  95   0WD 
$   6 4.55 1.80 5.06 2.22 0.05 PSN0   33 PHP0  266 13 380 15 235 19 187 23 125 31  55 33  47194100 360 
BPC  NC VVHZ  PU0200001041348 1610  -8190    0   0   0      0 0  0   9   0 340 7900  0   47258256  0 109   0WD 
$   6 4.81 1.80 5.43 2.26 0.03 PSN0   47 PHP0  717 15 617 19 319 23 222 31 133 39  66 47  44178100 378 
HBT  NC VVHZ  PU1200001041348 1680  21 95    0   0   0      0 0  0  29   0 352 7900  0   27312287  0  24   0WD 
$   6 4.07 1.80 3.74 1.53 0.03 PSN0   27 PHP0  103 11 139 13 110 15  94 19  59 23  52 27  36198 50 364 
HOR  NC VVHZ  PU1200001041348 1813  29 95    0   0   0      0 0  0  37   0 386 6500  0   49324259  0  49   0WD 
$   6 4.70 1.80 6.21 2.74 0.13 PSN0   49 PHP0  333 19 298 23 302 31 177 39  69 47  58 49  38188 50 363 
HDL  NC VVHZ  PD1200001041348 1713  -6 95    0   0   0      0 0  0  -7   0 410 7900  0   33303268  0  23   0WD 
$   6 4.61 1.80 5.58 2.57 0.04 PSN0   33 PHP0  144 13 515 15 356 19 203 23 167 31  55 33  46156 50 425 
BMS  NC VVHZ  PU1200001041348 1832 -24 95    0   0   0      0 0  0  59   0 415 6500  0   41 86267  0  66   0WD 
$   6 4.69 1.80 4.81 1.91 0.08 PSN0   41 PHP0  235 15 364 19 310 23 162 31 101 39  59 41  37155 50 432 
HER  NC VVHZ  PU1200001041348 1782 -11 95    0   0   0      0 0  0  14   0 443 7900  0   35294258  0  23   0WD 
$   6 4.49 1.80 4.79 2.07 0.06 PSN0   35 PHP0  104 13 302 15 196 19 145 23 110 31  50 35  31176 50 363 
HSL  NC VVHZ  PD2200001041348 1890 -22 38    0   0   0      0 0  0  59   0 447 6400  0   31 19251  0   9   0WD 
$   6 4.50 1.80 4.11 1.61 0.13 PSN0   31 PHP0   32 11 254 13 208 15 250 19 157 23  83 31  36 87 251051 
BRM  NC VVHZ  PU1200001041348 1933 -21 95    0   0   0      0 0  0 101   0 448 6400  0   31 59244  0  63   0WD 
$   6 4.44 1.80 4.87 2.12 0.06 PSN0   31 PHP0  271 11 458 13 340 15 210 19 183 23  96 31  45181 50 372 
HCR  NC VVHZ  PD1200001041348 1905  23 95    0   0   0      0 0  0  13   0 457 6400  0   33321274  0  51   0WD 
$   6 4.54 1.80 4.75 2.04 0.04 PSN0   33 PHP0  104 13 302 15 227 19 175 23  95 31  61 33  45161 50 397 
BCW  NC VVHZ  PD2200001041348 1813   0 38    0   0   0      0 0  0   1   0 463 7900  0   27218274  0   5   0WD 
$   6 4.28 1.80 5.31 2.60 0.05 PSN0   27 PHP0  118 11 403 13 272 15 240 19  95 23  51 27  39164 25 392 
HPC  NC VVHZ  PD0200001041348 1938  31190    0   0   0      0 0  0  21   0 467 6400  0   19358223  0 211   0WD 
$   5 4.03 1.80 3.63 1.44 0.14 PSN0   19 PHP0  440  7 163  9 110 11 136 13 107 15  93 19  41227100 459 
HCA  NC VVHZ  PD2200001041348 1961  25 38    0   0   0      0 0  0  38   0 474 6400  0   37335261  0   8   0WD 
$   6 4.58 1.80 4.18 1.59 0.06 PSN0   37 PHP0  114 13 256 15 205 19 188 23  87 31  70 37  49146 25 502 
PLO  NC VVHZ  PD2200001041348 1821  -5 38    0   0   0      0 0  0  -9   0 477 7900  0   43156268  0   5   0WD 
$   6 4.84 1.80 5.60 2.35 0.09 PSN0   43 PHP0  189 15 465 19 399 23 246 31 132 39  71 43  41159 25 408 
HCB  NC VVHZ  PU1200001041348 1987  44 14    0   0   0      0 0  0  27   0 485 6400  0   37313263  0   1   0WD 
$   6 4.66 1.80 4.84 2.03 0.06 PSN0   37 PHP0  130 13 380 15 226 19 230 23 122 31  65 37  44164 50 392 
HCO  NC VVHZ  PU2200001041348 1884   5 38    0   0   0      0 0  0  24   0 489 7900  0   45305253  0   3   0WD 
$   6 4.63 1.80 5.23 2.17 0.12 PSN0   45 PHP0  153 15 420 19 336 23 189 31  89 39 126 45  44155 25 432 
PHR  NC VVHZ  PU2200001041348 1930  -4 38    0   0   0      0 0  0   6   0 491 6400  0   37126232  0  11   0WD 
$   6 4.57 1.80 4.83 2.03 0.06 PSN0   37 PHP0  233 13 316 15 313 19 186 23 118 31  52 37  45142 25 536 
BPR  NC VVHZ  PU1200001041348 1859  -4 95    0   0   0      0 0  0  -5   0 497 7900  0   41239271  0  31   0WD 
$   6 4.58 1.80 5.73 2.54 0.05 PSN0   41 PHP0  274 15 552 19 346 23 164 31  79 39  54 41  43170 50 375 
HGS  NC VVHZ  PU3200001041348 2033   9 19    0   0   0      0 0  0  23   0 534 6400  0   25342245  0   2   0WD 
$   6 4.10 1.80 4.07 1.71 0.06 PSN0   25 PHP0   70 11 195 13 141 15  97 19  83 23  69 25  48149 13 478 
HSP  NC VVHZ  PD1200001041348 2131  26 93    0   0   0      0 0  0  31   0 576 6400  0   35337250  0  49   0WD 
$   6 4.48 1.80 5.20 2.33 0.10 PSN0   35 PHP0  290 13 407 15 187 19 223 23 108 31  57 35  37199 50 365 
HMOB NC VVHZ  PU0200001041348 2023  -4182    0   0   0      0 0  0   0   0 594 7800  0   31266257  0  97   0WD 
$   5 4.68 1.80 6.53 3.25 0.07 PSN0   31 PHP0  820 11 830 13 583 15 517 19 240 23 130 31  44  0  01910 
JEL  NC VVHZ  PD2200001041348 2099  44  5    0   0   0      0 0  0  15   0 602 7800  0   36303247  0   0   0WD 
$   6 4.53 1.80 3.86 1.40 0.11 NSR0  -33 PHP0  154 13 202 15 135 19 169 23  81 31  82 33  55202 25 370 
PCC  NC VVHZ  PD0200001041348 2092  11176    0   0   0      0 0  0  18   0 616 7800  0   51172320  0 125   0WD 
$   6 4.86 1.80 5.99 2.52 0.07 PSN0   51 PHP0  354 19 579 23 441 31 150 39  95 47  59 51  36243100 566 
PCC  NC ZVLZ  PD1200001041348 2141  60  0    0   0   0      0 0  0  18   0 616 7800  0   23172367  0   0   0WZ 
$   5 4.16 1.80 4.12 1.85 0.07 PSN0   23 PHP0  303  9  95 11 134 13 115 15 111 19  57 23  36386 501911 
BAP  NC VVHZ  PD0200001041348 2113  44 25    0   0   0      0 0  0   4   0 617 7800  0   35215284  0   2   0WD 
$   6 4.60 1.80 5.43 2.45 0.04 PSN0   35 PHP0  636 13 500 15 315 19 197 23 126 31  67 35  39251100 628 
JPL  NC VVHZ  PD2200001041348 2156  29 34    0   0   0      0 0  0  29   0 637 7800  0   53307255  0   2   0WD 
$   6 4.79 1.80 5.34 2.16 0.05 PSN0   53 PHP0   98 19 254 23 251 31 128 39  84 47  52 53  40153 25 446 
BPO  NC VVHZ  PU2200001041348 2104   0 33    0   0   0      0 0  0 -10   0 647 7800  0   27226229  0   4   0WD 
$   6 4.32 1.80 5.47 2.67 0.07 PSN0   27 PHP0  106 11 491 13 501 15 231 19 105 23  69 27  45165 25 387 
JBZ  NC VVHZ  PD1200001041348 2201  28 81    0   0   0      0 0  0  45   0 655 7800  0   29311203  0  17   0WD 
$   6 4.37 1.80 4.45 1.89 0.09 PSN0   29 PHP0  117 11 245 13 218 15 261 19 117 23  74 29  46157 50 419 
CAD  NC VVHZ  PU2200001041348 2260  17 31    0   0   0      0 0  0  10   0 669 6400  0   21331246  0   5   0WD 
$   4 3.97 1.80 3.15 1.12 0.04 PSN0   21 PHP0   38  9  63 11  91 13  81 15  71 19  53 21  41154 25 439 
JEC  NC VVHZ  PU0200001041348 2293  89  0    0   0   0      0 0  0  49   0 672 7800  0   41313274  0   0   0WD 
$   6 4.65 1.80 4.73 1.85 0.11 PSN0   41 PHP0  233 15 424 19 228 23 124 31  92 39  79 41  40219100 425 
JLA  NC VVHZ  PU2200001041348 2317  10 27    0   0   0      0 0  0   1   0 712 5800  0   37324275  0   4   0WD 
$   6 4.70 1.80 5.08 2.18 0.05 PSN0   37 PHP0  114 13 404 15 329 19 251 23 142 31  66 37  46  0  01910 
JHL  NC VVHZ  PU1200001041348 2366  49  0    0   0   0      0 0  0 -22   0 733 5500  0   21316265  0   0   0WD 
$   4 3.97 1.80 3.18 1.12 0.00 PSN0   21 PHP0  107  9  66 11  81 13  84 15  72 19  54 21  49256 50 670 
PJU  NC VVHZ  PU1200001041348 2420 137  0    0   0   0      0 0  0   0   0 750 7704  0    9127139  0   0   0WD 
$   0 0.00 1.80 0.00-0.00 0.00 PP 4    9 PHP0   77  1 162  3 122  5  73  7  57  9  47  0   0  0  01910 
PSA  NC VVHZ  PU2200001041348 2306   0 22    0   0   0      0 0  0  10   0 758 7700  0   31154242  0   2   0WD 
$   5 4.48 1.80 4.18 1.67 0.05 PSN0   31 PHP0   76 11 177 13 203 15 165 19 151 23  78 31  49190 25 361 
JST  NC VVHZ  PU1200001041348 2433   2 46    0   0   0      0 0  0   3   0 793 5000  0   33323252  0  23   0WD 
$   6 4.38 1.80 4.01 1.45 0.07 PSN0   33 PHP0  221 13 247 15 208 19 121 23 108 31  74 33  44217 50 419 
JUC  NC VVHZ  PD1200001041348 2401  37 31    0   0   0      0 0  0 -21   0 813 7700  0   31300252  0   2   0WD 
$   5 4.43 1.80 4.86 2.14 0.07 PSN0   31 PHP0  138 11 153 13 223 15 235 19 134 23 102 31  47199 50 365 
PAP  NC VVHZ  PD2200001041348 2402 -12 14    0   0   0      0 0  0  -2   0 832 7700  0   33187276  0   0   0WD 
$   6 4.66 1.80 6.31 3.16 0.08 PSN0   33 PHP0   91 13 557 15 398 19 227 23  82 31  51 33  33188 25 363 
JSS  NC VVHZ  PU2200001041348 2529  73  0    0   0   0      0 0  0 -43   0 841 5004  0    9315164  0   0   0WD 
$   0 0.00 1.80 0.00-0.00 0.00 PP 4    9 PHP0   81  1  55  3  65  5  64  7  55  9  37  0   0211 25 402 
PDR  NC VVHZ  PU1200001041348 2663  51  0    0   0   0      0 0  0  82   0 863 5000  0   19112198  0   0   0WD 
$   2 3.88 1.80 4.73 2.46 0.18 PSN0   19 PHP0  136  7  98  9  89 11 106 13  97 15  68 19  38214 50 410 
PSM  NC VVHZ  PU2200001041348 2669  99  0    0   0   0      0 0  0  33   0 868 5004  0    7136135  0   0   0WD 
$   0 0.00 1.80 0.00-0.00 0.00 PP 4    7 PHP0   49  1  52  3  59  5  68  7  43  0   0  0   0183 25 369 
JLX  NC VVHZ  PD1200001041348 2712 167  0    0   0   0      0 0  0 -42   0 902 5004  0    9314167  0   0   0WD 
$   0 0.00 1.80 0.00-0.00 0.00 PP 4    9 PHP0  108  1  74  3  91  5  54  7  62  9  46  0   0227 50 459 
JBC  NC VVHZ  PD2200001041348 2639  67  0    0   0   0      0 0  0  40   0 903 7600  0   27311276  0   0   0WD 
$   4 4.29 1.80 4.07 1.63 0.05 PSN0   27 PHP0   73 11  68 13 104 15 144 19  98 23  80 27  49231 25 484 
PAR  NC VVHZ  PD2200001041348 2497-214  0    0   0   0      0 0  0  88   0 927 5001  0   35117261  0   0   0WD 
$   5 4.64 1.80 4.16 1.54 0.19 PSN1   35 PHP0  154 13  67 15 111 19 155 23 155 31  73 35  43223 25 441 
PHP  NC VVHZ  PU2200001041348 2689  94  0    0   0   0      0 0  0   9   0 936 7600  0   29141281  0   0   0WD 
$   4 4.53 1.80 5.02 2.31 0.12 PSN0   29 PHP0   91 11  89 13 150 15 202 19 170 23  63 29  44222 25 436 
PPC  NC VVHZ  PD2200001041348 2706  54  0    0   0   0      0 0  0  12   0 969 7604  0    9142184  0   0   0WD 
$   0 0.00 1.80 0.00-0.00 0.00 PP 4    9 PHP0   63  1  95  3 103  5  72  7  52  9  39  0   0227 25 459 
PJC  NC VVHZ  PD3200001041348 2856 170  0    0   0   0      0 0  0   0   0 997 7604  0    5126 85  0   0   0WD 
$   0 0.00 1.80 0.00-0.00 0.00 PP 4    5 PHP0   23  1  69  3  83  5  45  0   0  0   0  0   0  0  01910 
PAN  NC VVHZ  PD2200001041348 2756  28  1    0   0   0      0 0  0  30   01004 7600  0   25161258  0   0   0WD 
$   3 4.34 1.80 5.33 2.66 0.18 PSN0   25 PHP0   96 11  68 13  80 15  76 19  85 23  77 25  41221 25 433 
JSM  NC VVHZ  PU2200001041348 2775  19  0    0   0   0      0 0  0  14   01032 7404  0   11309171  0   0   0WD 
$   0 0.00 1.80 0.00-0.00 0.00 PP 4   11 PHP0   42  1 150  3 115  5 101  7 103  9  61 11  46182 25 370 
PHC  NC VVHZ  PU1200001041348 2986 174  0    0   0   0      0 0  0  14   01067 6904  0    3174 89  0   0   0WD 
$   0 0.00 1.80 0.00-0.00 0.00 PP 4    3 PHP0   89  1  68  3  46  0   0  0   0  0   0  0   0245 50 581 
JPP  NC VVHZ  PD1200001041348 2878  26  0    0   0   0      0 0  0   6   01098 5701  0   41310250  0   0   0WD 
$   5 4.71 1.80 4.34 1.57 0.17 PSN1   41 PHP0  186 15 104 19 121 23 158 31 105 39  69 41  37230 50 478 
PHO  NC VVHZ  PU2200001041348 2934  19  0    0   0   0      0 0  0  57   01106 5404  0   11140167  0   0   0WD 
$   0 0.00 1.80 0.00-0.00 0.00 PP 4   11 PHP0   47  1  61  3 107  5  67  7  62  9  80 11  47201 25 368 
MYL  NC VVHZ  PD1200001041348 2969  41  0    0   0   0      0 0  0  63   01111 5304  0    7 41105  0   0   0WD 
$   0 0.00 1.80 0.00-0.00 0.00 PP 4    7 PHP0  124  1  90  3  78  5  71  7  47  0   0  0   0227 50 459 
CMJ  NC VVHZ  PD2200001041348 2933  28  0    0   0   0      0 0  0   0   01120 4904  0   15331192  0   0   0WD 
$   0 0.00 1.80 0.00-0.00 0.00 PSN4   15 PHP0  122  5  64  7  76  9  70 11  51 13  69 15  42225 25 449 
PWK  NC VVHZ  PD1200001041348 2985  37  0    0   0   0      0 0  0  56   01134 4804  0    9143157  0   0   0WD 
$   0 0.00 1.80 0.00-0.00 0.00 PP 4    9 PHP0   86  1  62  3  57  5  57  7  52  9  39  0   0257 50 679 
JJR  NC VVHZ  PD2200001041348 2956  45  0    0   0   0      0 0  0   0   01149 4804  0   13314194  0   0   0WD 
$   0 0.00 1.80 0.00-0.00 0.00 PP 4   13 PHP0   42  3  66  5  81  7  58  9  55 11  55 13  37199 25 365 
PKE  NC VVHZ  PU1200001041348 3227 188  0    0   0   0      0 0  0   0   01213 4904  0    7121135  0   0   0WD 
$   0 0.00 1.80 0.00-0.00 0.00 PP 4    7 PHP0  357  1 153  3  81  5  52  7  46  0   0  0   0301 501086 
MHD  NC VVHZ  PD2200001041348 3215  84  0    0   0   0      0 0  0   0   01324 4804  0    9 66152  0   0   0WD 
$   0 0.00 1.80 0.00-0.00 0.00 PP 4    9 PHP0   52  1 149  3  91  5  50  7  56  9  37  0   0193 25 360 
PAG  NC VVHZ  PD1200001041348 3321  75  0    0   0   0      0 0  0   4   01354 4600  0   33137311  0   0   0WD 
$   3 4.40 1.80 7.34 3.76 0.02 PSN0   33 PHP0  137 13 100 15  61 19  94 23 167 31  52 33  43279 50 879 
MBO  NC VVHZ  PD2200001041348 3357 120  0    0   0   0      0 0  0   0   01409 4804  0    3 33 68  0   0   0WD 
$   0 0.00 1.80 0.00-0.00 0.00 PP 4    3 PHP0   86  1  55  3  45  0   0  0   0  0   0  0   0238 25 531 
MPR  NC VVHZ  PU2200001041348 3861 259  0    0   0   0      0 0  0   0   01699 4804  0    9 40135  0   0   0WD 
$   0 0.00 1.80 0.00-0.00 0.00 PP 4    9 PHP0   48  1  57  3  84  5  55  7  53  9  47  0   0192 25 360 
                                                                51093519
$                                                               51093519
